ballpoint drives Todoist triage.

Usage:
  ballpoint                              walk the triage queue
  ballpoint probe [--dry-run] [--benchmark] [--secrets-path PATH] [--concurrency N]
                                         refresh freshness data
  ballpoint dispatch                     run queued work

Flags:
  --version   print the build version and exit
  --help      print this message and exit
